Archive member included because of file (symbol)

c:/freescale/kds_v3/toolchain/bin/../lib/gcc/arm-none-eabi/4.8.4/../../../../arm-none-eabi/lib/armv7e-m/fpu\libg_s.a(lib_a-errno.o)
                              ./utilities/fsl_sbrk.o (__errno)
c:/freescale/kds_v3/toolchain/bin/../lib/gcc/arm-none-eabi/4.8.4/../../../../arm-none-eabi/lib/armv7e-m/fpu\libg_s.a(lib_a-exit.o)
                              c:/freescale/kds_v3/toolchain/bin/../lib/gcc/arm-none-eabi/4.8.4/../../../../arm-none-eabi/lib/armv7e-m/fpu/crt0.o (exit)
c:/freescale/kds_v3/toolchain/bin/../lib/gcc/arm-none-eabi/4.8.4/../../../../arm-none-eabi/lib/armv7e-m/fpu\libg_s.a(lib_a-impure.o)
                              c:/freescale/kds_v3/toolchain/bin/../lib/gcc/arm-none-eabi/4.8.4/../../../../arm-none-eabi/lib/armv7e-m/fpu\libg_s.a(lib_a-exit.o) (_global_impure_ptr)
c:/freescale/kds_v3/toolchain/bin/../lib/gcc/arm-none-eabi/4.8.4/../../../../arm-none-eabi/lib/armv7e-m/fpu\libg_s.a(lib_a-init.o)
                              c:/freescale/kds_v3/toolchain/bin/../lib/gcc/arm-none-eabi/4.8.4/../../../../arm-none-eabi/lib/armv7e-m/fpu/crt0.o (__libc_init_array)
c:/freescale/kds_v3/toolchain/bin/../lib/gcc/arm-none-eabi/4.8.4/../../../../arm-none-eabi/lib/armv7e-m/fpu\libg_s.a(lib_a-memcpy-stub.o)
                              ./freertos/Source/queue.o (memcpy)
c:/freescale/kds_v3/toolchain/bin/../lib/gcc/arm-none-eabi/4.8.4/../../../../arm-none-eabi/lib/armv7e-m/fpu\libg_s.a(lib_a-memset.o)
                              c:/freescale/kds_v3/toolchain/bin/../lib/gcc/arm-none-eabi/4.8.4/../../../../arm-none-eabi/lib/armv7e-m/fpu/crt0.o (memset)
c:/freescale/kds_v3/toolchain/bin/../lib/gcc/arm-none-eabi/4.8.4/../../../../arm-none-eabi/lib/armv7e-m/fpu\libg_s.a(lib_a-strlen.o)
                              ./utilities/fsl_debug_console.o (strlen)
c:/freescale/kds_v3/toolchain/bin/../lib/gcc/arm-none-eabi/4.8.4/../../../../arm-none-eabi/lib/armv7e-m/fpu\libnosys.a(_exit.o)
                              c:/freescale/kds_v3/toolchain/bin/../lib/gcc/arm-none-eabi/4.8.4/../../../../arm-none-eabi/lib/armv7e-m/fpu\libg_s.a(lib_a-exit.o) (_exit)

Discarded input sections

 .text          0x00000000        0x0 c:/freescale/kds_v3/toolchain/bin/../lib/gcc/arm-none-eabi/4.8.4/armv7e-m/fpu/crti.o
 .data          0x00000000        0x0 c:/freescale/kds_v3/toolchain/bin/../lib/gcc/arm-none-eabi/4.8.4/armv7e-m/fpu/crti.o
 .bss           0x00000000        0x0 c:/freescale/kds_v3/toolchain/bin/../lib/gcc/arm-none-eabi/4.8.4/armv7e-m/fpu/crti.o
 .data          0x00000000        0x4 c:/freescale/kds_v3/toolchain/bin/../lib/gcc/arm-none-eabi/4.8.4/armv7e-m/fpu/crtbegin.o
 .data          0x00000000        0x0 c:/freescale/kds_v3/toolchain/bin/../lib/gcc/arm-none-eabi/4.8.4/../../../../arm-none-eabi/lib/armv7e-m/fpu/crt0.o
 .bss           0x00000000        0x0 c:/freescale/kds_v3/toolchain/bin/../lib/gcc/arm-none-eabi/4.8.4/../../../../arm-none-eabi/lib/armv7e-m/fpu/crt0.o
 .ARM.extab     0x00000000        0x0 c:/freescale/kds_v3/toolchain/bin/../lib/gcc/arm-none-eabi/4.8.4/../../../../arm-none-eabi/lib/armv7e-m/fpu/crt0.o
 .text          0x00000000        0x0 ./utilities/fsl_debug_console.o
 .data          0x00000000        0x0 ./utilities/fsl_debug_console.o
 .bss           0x00000000        0x0 ./utilities/fsl_debug_console.o
 .text.DbgConsole_Deinit
                0x00000000       0x48 ./utilities/fsl_debug_console.o
 .text.DbgConsole_Scanf
                0x00000000       0xb8 ./utilities/fsl_debug_console.o
 .text.DbgConsole_Getchar
                0x00000000       0x38 ./utilities/fsl_debug_console.o
 .text.DbgConsole_ScanIgnoreWhiteSpace
                0x00000000       0x60 ./utilities/fsl_debug_console.o
 .text.DbgConsole_ScanfFormattedData
                0x00000000      0x620 ./utilities/fsl_debug_console.o
 .text._write   0x00000000       0x58 ./utilities/fsl_debug_console.o
 .text._read    0x00000000       0x44 ./utilities/fsl_debug_console.o
 .text          0x00000000        0x0 ./utilities/fsl_sbrk.o
 .data          0x00000000        0x0 ./utilities/fsl_sbrk.o
 .bss           0x00000000        0x0 ./utilities/fsl_sbrk.o
 .text._sbrk    0x00000000       0x5c ./utilities/fsl_sbrk.o
 .bss.heap_end.4522
                0x00000000        0x4 ./utilities/fsl_sbrk.o
 .debug_info    0x00000000      0x10e ./utilities/fsl_sbrk.o
 .debug_abbrev  0x00000000       0xa0 ./utilities/fsl_sbrk.o
 .debug_aranges
                0x00000000       0x20 ./utilities/fsl_sbrk.o
 .debug_ranges  0x00000000       0x10 ./utilities/fsl_sbrk.o
 .debug_line    0x00000000       0x93 ./utilities/fsl_sbrk.o
 .debug_str     0x00000000      0x226 ./utilities/fsl_sbrk.o
 .comment       0x00000000       0x71 ./utilities/fsl_sbrk.o
 .ARM.attributes
                0x00000000       0x39 ./utilities/fsl_sbrk.o
 .debug_frame   0x00000000       0x30 ./utilities/fsl_sbrk.o
 .text          0x00000000        0x0 ./sources/board.o
 .data          0x00000000        0x0 ./sources/board.o
[...]
Memory Configuration

Name             Origin             Length             Attributes
m_interrupts     0x00000000         0x00000400         xr
m_flash_config   0x00000400         0x00000010         xr
m_text           0x00000410         0x000ffbf0         xr
m_data           0x1fff0000         0x00010000         rw
m_data_2         0x20000000         0x00030000         rw
*default*        0x00000000         0xffffffff

Linker script and memory map

LOAD c:/freescale/kds_v3/toolchain/bin/../lib/gcc/arm-none-eabi/4.8.4/armv7e-m/fpu/crti.o
LOAD c:/freescale/kds_v3/toolchain/bin/../lib/gcc/arm-none-eabi/4.8.4/armv7e-m/fpu/crtbegin.o
LOAD c:/freescale/kds_v3/toolchain/bin/../lib/gcc/arm-none-eabi/4.8.4/../../../../arm-none-eabi/lib/armv7e-m/fpu/crt0.o
START GROUP
LOAD ./utilities/fsl_debug_console.o
LOAD ./utilities/fsl_sbrk.o
LOAD ./sources/board.o
LOAD ./sources/clock_config.o
LOAD ./sources/freertos_hello.o
LOAD ./sources/pin_mux.o
LOAD ./sources/state_machine.o
LOAD ./freertos/Source/portable/MemMang/heap_4.o
LOAD ./freertos/Source/portable/GCC/ARM_CM4F/fsl_tickless_systick.o
LOAD ./freertos/Source/portable/GCC/ARM_CM4F/port.o
LOAD ./freertos/Source/croutine.o
LOAD ./freertos/Source/event_groups.o
LOAD ./freertos/Source/list.o
LOAD ./freertos/Source/queue.o
LOAD ./freertos/Source/tasks.o
LOAD ./freertos/Source/timers.o
LOAD ./drivers/fsl_clock.o
LOAD ./drivers/fsl_common.o
LOAD ./drivers/fsl_flash.o
LOAD ./drivers/fsl_gpio.o
LOAD ./drivers/fsl_smc.o
LOAD ./drivers/fsl_uart.o
LOAD ./devices/gcc/startup_MK64F12.o
LOAD ./devices/system_MK64F12.o
LOAD c:/freescale/kds_v3/toolchain/bin/../lib/gcc/arm-none-eabi/4.8.4/../../../../arm-none-eabi/lib/armv7e-m/fpu\libg_s.a
LOAD c:/freescale/kds_v3/toolchain/bin/../lib/gcc/arm-none-eabi/4.8.4/armv7e-m/fpu\libgcc.a
LOAD c:/freescale/kds_v3/toolchain/bin/../lib/gcc/arm-none-eabi/4.8.4/../../../../arm-none-eabi/lib/armv7e-m/fpu\libnosys.a
END GROUP
LOAD c:/freescale/kds_v3/toolchain/bin/../lib/gcc/arm-none-eabi/4.8.4/../../../../arm-none-eabi/lib/armv7e-m/fpu\libstdc++_s.a
LOAD c:/freescale/kds_v3/toolchain/bin/../lib/gcc/arm-none-eabi/4.8.4/../../../../arm-none-eabi/lib/armv7e-m/fpu\libm.a
START GROUP
LOAD c:/freescale/kds_v3/toolchain/bin/../lib/gcc/arm-none-eabi/4.8.4/armv7e-m/fpu\libgcc.a
LOAD c:/freescale/kds_v3/toolchain/bin/../lib/gcc/arm-none-eabi/4.8.4/../../../../arm-none-eabi/lib/armv7e-m/fpu\libg_s.a
LOAD c:/freescale/kds_v3/toolchain/bin/../lib/gcc/arm-none-eabi/4.8.4/../../../../arm-none-eabi/lib/armv7e-m/fpu\libc_s.a
END GROUP
START GROUP
LOAD c:/freescale/kds_v3/toolchain/bin/../lib/gcc/arm-none-eabi/4.8.4/armv7e-m/fpu\libgcc.a
LOAD c:/freescale/kds_v3/toolchain/bin/../lib/gcc/arm-none-eabi/4.8.4/../../../../arm-none-eabi/lib/armv7e-m/fpu\libc_s.a
END GROUP
LOAD c:/freescale/kds_v3/toolchain/bin/../lib/gcc/arm-none-eabi/4.8.4/armv7e-m/fpu/crtend.o
LOAD c:/freescale/kds_v3/toolchain/bin/../lib/gcc/arm-none-eabi/4.8.4/armv7e-m/fpu/crtn.o
                0x00000400                HEAP_SIZE = DEFINED (__heap_size__)?__heap_size__:0x400
                0x00000400                STACK_SIZE = DEFINED (__stack_size__)?__stack_size__:0x400
                0x00000000                M_VECTOR_RAM_SIZE = DEFINED (__ram_vector_table__)?0x400:0x0

.interrupts     0x00000000      0x400
                0x00000000                __VECTOR_TABLE = .
                0x00000000                . = ALIGN (0x4)
 *(.isr_vector)
 .isr_vector    0x00000000      0x400 ./devices/gcc/startup_MK64F12.o
                0x00000000                __isr_vector
                0x00000400                . = ALIGN (0x4)

.flash_config   0x00000400       0x10
                0x00000400                . = ALIGN (0x4)
 *(.FlashConfig)
 .FlashConfig   0x00000400       0x10 ./devices/gcc/startup_MK64F12.o
                0x00000410                . = ALIGN (0x4)

.text           0x00000410     0x27c0
                0x00000410                . = ALIGN (0x4)
 *(.text)
 .text          0x00000410       0x54 c:/freescale/kds_v3/toolchain/bin/../lib/gcc/arm-none-eabi/4.8.4/armv7e-m/fpu/crtbegin.o
 .text          0x00000464       0x74 c:/freescale/kds_v3/toolchain/bin/../lib/gcc/arm-none-eabi/4.8.4/../../../../arm-none-eabi/lib/armv7e-m/fpu/crt0.o
                0x00000464                _start
                0x00000464                _mainCRTStartup
 .text          0x000004d8      0x1fc ./devices/gcc/startup_MK64F12.o
                0x000004d8                Reset_Handler
                0x00000534                DebugMon_Handler
                0x00000534                CMP0_IRQHandler
                0x00000534                DMA0_DriverIRQHandler
                0x00000534                DMA12_DriverIRQHandler
                0x00000534                UART4_ERR_DriverIRQHandler
                0x00000534                SPI1_DriverIRQHandler
                0x00000534                DMA_Error_DriverIRQHandler
                0x00000534                DMA7_DriverIRQHandler
                0x00000534                MemManage_Handler
                0x00000534                I2C0_DriverIRQHandler
                0x00000534                ENET_Transmit_DriverIRQHandler
                0x00000534                DMA2_DriverIRQHandler
                0x00000534                UART1_ERR_DriverIRQHandler
                0x00000534                BusFault_Handler
                0x00000534                SDHC_DriverIRQHandler
                0x00000534                PIT0_IRQHandler
                0x00000534                LPTMR0_IRQHandler
                0x00000534                CMP2_IRQHandler
                0x00000534                LLWU_IRQHandler
                0x00000534                I2S0_Tx_DriverIRQHandler
                0x00000534                DMA6_DriverIRQHandler
                0x00000534                FTM2_IRQHandler
                0x00000534                PORTE_IRQHandler
                0x00000534                FTM3_IRQHandler
                0x00000534                ENET_1588_Timer_DriverIRQHandler
                0x00000534                I2C2_DriverIRQHandler
                0x00000534                SWI_IRQHandler
                0x00000534                ADC0_IRQHandler
                0x00000534                UsageFault_Handler
                0x00000534                CAN0_DriverIRQHandler
                0x00000534                CMT_IRQHandler
                0x00000534                MCM_IRQHandler
                0x00000534                DAC1_IRQHandler
                0x00000534                DefaultISR
                0x00000534                FTM0_IRQHandler
                0x00000534                UART5_ERR_DriverIRQHandler
                0x00000534                LVD_LVW_IRQHandler
                0x00000534                DMA11_DriverIRQHandler
                0x00000534                CMP1_IRQHandler
                0x00000534                Reserved71_IRQHandler
                0x00000534                PORTD_IRQHandler
                0x00000534                PORTB_IRQHandler
                0x00000534                DMA10_DriverIRQHandler
                0x00000534                PIT1_IRQHandler
                0x00000534                UART2_ERR_DriverIRQHandler
                0x00000534                SPI2_DriverIRQHandler
                0x00000534                ADC1_IRQHandler
                0x00000534                DMA5_DriverIRQHandler
                0x00000534                DMA4_DriverIRQHandler
                0x00000534                SPI0_DriverIRQHandler
                0x00000534                PIT2_IRQHandler
                0x00000534                DMA15_DriverIRQHandler
                0x00000534                ENET_Error_DriverIRQHandler
                0x00000534                RTC_IRQHandler
                0x00000534                UART3_ERR_DriverIRQHandler
                0x00000534                PDB0_IRQHandler
                0x00000534                MCG_IRQHandler
                0x00000534                FTM1_IRQHandler
                0x00000534                DMA13_DriverIRQHandler
                0x00000534                DAC0_IRQHandler
                0x00000534                DMA3_DriverIRQHandler
                0x00000534                PIT3_IRQHandler
                0x00000534                ENET_Receive_DriverIRQHandler
                0x00000534                RTC_Seconds_IRQHandler
                0x00000534                USB0_IRQHandler
                0x00000534                FTFE_IRQHandler
                0x00000534                DMA9_DriverIRQHandler
                0x00000534                DMA8_DriverIRQHandler
                0x00000534                UART0_ERR_DriverIRQHandler
                0x00000534                I2C1_DriverIRQHandler
                0x00000534                I2S0_Rx_DriverIRQHandler
                0x00000534                RNG_IRQHandler
                0x00000534                Read_Collision_IRQHandler
                0x00000534                DMA14_DriverIRQHandler
                0x00000534                DMA1_DriverIRQHandler
                0x00000534                UART0_LON_DriverIRQHandler
                0x00000534                USBDCD_IRQHandler
                0x00000534                WDOG_EWM_IRQHandler
                0x00000538                NMI_Handler
                0x0000053c                HardFault_Handler
                0x0000054c                DMA0_IRQHandler
                0x00000550                DMA1_IRQHandler
                0x00000554                DMA2_IRQHandler
                0x00000558                DMA3_IRQHandler
                0x0000055c                DMA4_IRQHandler
                0x00000560                DMA5_IRQHandler
                0x00000564                DMA6_IRQHandler
                0x00000568                DMA7_IRQHandler
                0x0000056c                DMA8_IRQHandler
                0x00000570                DMA9_IRQHandler
                0x00000574                DMA10_IRQHandler
                0x00000578                DMA11_IRQHandler
                0x0000057c                DMA12_IRQHandler
                0x00000580                DMA13_IRQHandler
                0x00000584                DMA14_IRQHandler
                0x00000588                DMA15_IRQHandler
                0x0000058c                DMA_Error_IRQHandler
                0x00000590                I2C0_IRQHandler
                0x00000594                I2C1_IRQHandler
                0x00000598                SPI0_IRQHandler
                0x0000059c                SPI1_IRQHandler
                0x000005a0                I2S0_Tx_IRQHandler
                0x000005a4                I2S0_Rx_IRQHandler
                0x000005a8                UART0_LON_IRQHandler
                0x000005ac                UART0_RX_TX_IRQHandler
                0x000005b0                UART0_ERR_IRQHandler
                0x000005b4                UART1_RX_TX_IRQHandler
                0x000005b8                UART1_ERR_IRQHandler
                0x000005bc                UART2_RX_TX_IRQHandler
                0x000005c0                UART2_ERR_IRQHandler
                0x000005c4                UART3_RX_TX_IRQHandler
                0x000005c8                UART3_ERR_IRQHandler
                0x000005cc                SPI2_IRQHandler
                0x000005d0                UART4_RX_TX_IRQHandler
                0x000005d4                UART4_ERR_IRQHandler
                0x000005d8                UART5_RX_TX_IRQHandler
                0x000005dc                UART5_ERR_IRQHandler
                0x000005e0                I2C2_IRQHandler
                0x000005e4                CAN0_ORed_Message_buffer_IRQHandler
                0x000005e8                CAN0_Bus_Off_IRQHandler
                0x000005ec                CAN0_Error_IRQHandler
                0x000005f0                CAN0_Tx_Warning_IRQHandler
                0x000005f4                CAN0_Rx_Warning_IRQHandler
                0x000005f8                CAN0_Wake_Up_IRQHandler
                0x000005fc                SDHC_IRQHandler
                0x00000600                ENET_1588_Timer_IRQHandler
                0x00000604                ENET_Transmit_IRQHandler
                0x00000608                ENET_Receive_IRQHandler
                0x0000060c                ENET_Error_IRQHandler
 *(.text*)
 .text.UART_EnableTx
                0x000006d4       0x40 ./utilities/fsl_debug_console.o
 .text.UART_EnableRx
                0x00000714       0x40 ./utilities/fsl_debug_console.o
 .text.DbgConsole_Init
                0x00000754       0x90 ./utilities/fsl_debug_console.o
                0x00000754                DbgConsole_Init
 .text.DbgConsole_Printf
                0x000007e4       0x40 ./utilities/fsl_debug_console.o
                0x000007e4                DbgConsole_Printf
 .text.DbgConsole_Putchar
                0x00000824       0x38 ./utilities/fsl_debug_console.o
                0x00000824                DbgConsole_Putchar
 .text.DbgConsole_PrintfPaddingCharacter
                0x0000085c       0x40 ./utilities/fsl_debug_console.o
 .text.DbgConsole_ConvertRadixNumToString
                0x0000089c      0x118 ./utilities/fsl_debug_console.o
 .text.DbgConsole_PrintfFormattedData
                0x000009b4      0x36c ./utilities/fsl_debug_console.o
 .text.BOARD_InitDebugConsole
                0x00000d20       0x24 ./sources/board.o
                0x00000d20                BOARD_InitDebugConsole
 .text.CLOCK_SetSimSafeDivs
                0x00000d44       0x20 ./sources/clock_config.o
 .text.CLOCK_SetXtal0Freq
                0x00000d64       0x1c ./sources/clock_config.o
 .text.BOARD_BootClockRUN
                0x00000d80       0x64 ./sources/clock_config.o
                0x00000d80                BOARD_BootClockRUN
 .text.BOARD_InitOsc0
                0x00000de4       0x30 ./sources/clock_config.o
                0x00000de4                BOARD_InitOsc0
 .text.NVIC_EnableIRQ
                0x00000e14       0x30 ./sources/freertos_hello.o
 .text.NVIC_DisableIRQ
                0x00000e44       0x34 ./sources/freertos_hello.o
 .text.NVIC_ClearPendingIRQ
                0x00000e78       0x34 ./sources/freertos_hello.o
 .text.PORTA_IRQHandler
                0x00000eac       0x44 ./sources/freertos_hello.o
                0x00000eac                PORTA_IRQHandler
 .text.PORTC_IRQHandler
                0x00000ef0       0x44 ./sources/freertos_hello.o
                0x00000ef0                PORTC_IRQHandler
 .text.main     0x00000f34       0x74 ./sources/freertos_hello.o
                0x00000f34                main
 .text.NVIC_EnableIRQ
                0x00000fa8       0x30 ./sources/pin_mux.o
 .text.CLOCK_EnableClock
                0x00000fd8       0x34 ./sources/pin_mux.o
 .text.PORT_SetPinConfig
                0x0000100c       0x44 ./sources/pin_mux.o
 .text.PORT_SetPinMux
                0x00001050       0x38 ./sources/pin_mux.o
 .text.PORT_SetPinInterruptConfig
                0x00001088       0x38 ./sources/pin_mux.o
 .text.BOARD_InitPins
                0x000010c0       0xfc ./sources/pin_mux.o
                0x000010c0                BOARD_InitPins
 .text.GPIO_SetPinsOutput
                0x000011bc       0x1c ./sources/state_machine.o
 .text.GPIO_ClearPinsOutput
                0x000011d8       0x1c ./sources/state_machine.o
 .text.state_ledcolor
                0x000011f4       0xd8 ./sources/state_machine.o
                0x000011f4                state_ledcolor
 .text.state_machine_init
                0x000012cc       0x24 ./sources/state_machine.o
                0x000012cc                state_machine_init
 .text.state_machine
                0x000012f0      0x134 ./sources/state_machine.o
                0x000012f0                state_machine
 *fill*         0x00001424        0xc 
 .text.SVC_Handler
                0x00001430       0x30 ./freertos/Source/portable/GCC/ARM_CM4F/port.o
                0x00001430                SVC_Handler
 .text.PendSV_Handler
                0x00001460       0x70 ./freertos/Source/portable/GCC/ARM_CM4F/port.o
                0x00001460                PendSV_Handler
 .text.SysTick_Handler
                0x000014d0       0x40 ./freertos/Source/portable/GCC/ARM_CM4F/port.o
                0x000014d0                SysTick_Handler
 .text.vListInsertEnd
                0x00001510       0x48 ./freertos/Source/list.o
                0x00001510                vListInsertEnd
 .text.uxListRemove
                0x00001558       0x54 ./freertos/Source/list.o
                0x00001558                uxListRemove
 .text.xTaskIncrementTick
                0x000015ac      0x15c ./freertos/Source/tasks.o
                0x000015ac                xTaskIncrementTick
 .text.vTaskSwitchContext
                0x00001708       0xb4 ./freertos/Source/tasks.o
                0x00001708                vTaskSwitchContext
 .text.prvResetNextTaskUnblockTime
                0x000017bc       0x48 ./freertos/Source/tasks.o
 .text.CLOCK_SetEr32kClock
                0x00001804       0x2c ./drivers/fsl_clock.o
 .text.CLOCK_SetPllFllSelClock
                0x00001830       0x38 ./drivers/fsl_clock.o
 .text.OSC_SetExtRefClkConfig
                0x00001868       0x34 ./drivers/fsl_clock.o
 .text.OSC_SetCapLoad
                0x0000189c       0x34 ./drivers/fsl_clock.o
 .text.CLOCK_GetMcgExtClkFreq
                0x000018d0       0x8c ./drivers/fsl_clock.o
 .text.CLOCK_GetFllExtRefClkFreq
                0x0000195c       0xc8 ./drivers/fsl_clock.o
 .text.CLOCK_GetInternalRefClkSelectFreq
                0x00001a24       0x44 ./drivers/fsl_clock.o
 .text.CLOCK_GetFllRefClkFreq
                0x00001a68       0x2c ./drivers/fsl_clock.o
 .text.CLOCK_GetPll0RefFreq
                0x00001a94       0x10 ./drivers/fsl_clock.o
 .text.CLOCK_GetOscRangeFromFreq
                0x00001aa4       0x3c ./drivers/fsl_clock.o
 .text.CLOCK_GetCoreSysClkFreq
                0x00001ae0       0x24 ./drivers/fsl_clock.o
                0x00001ae0                CLOCK_GetCoreSysClkFreq
 .text.CLOCK_SetSimConfig
                0x00001b04       0x34 ./drivers/fsl_clock.o
                0x00001b04                CLOCK_SetSimConfig
 .text.CLOCK_GetOutClkFreq
                0x00001b38       0x64 ./drivers/fsl_clock.o
                0x00001b38                CLOCK_GetOutClkFreq
 .text.CLOCK_GetFllFreq
                0x00001b9c       0x74 ./drivers/fsl_clock.o
                0x00001b9c                CLOCK_GetFllFreq
 .text.CLOCK_GetPll0Freq
                0x00001c10       0x78 ./drivers/fsl_clock.o
                0x00001c10                CLOCK_GetPll0Freq
 .text.CLOCK_SetExternalRefClkConfig
                0x00001c88       0x90 ./drivers/fsl_clock.o
                0x00001c88                CLOCK_SetExternalRefClkConfig
 .text.CLOCK_SetInternalRefClkConfig
                0x00001d18      0x104 ./drivers/fsl_clock.o
                0x00001d18                CLOCK_SetInternalRefClkConfig
 .text.CLOCK_EnablePll0
                0x00001e1c       0x94 ./drivers/fsl_clock.o
                0x00001e1c                CLOCK_EnablePll0
 .text.CLOCK_InitOsc0
                0x00001eb0       0x8c ./drivers/fsl_clock.o
                0x00001eb0                CLOCK_InitOsc0
 .text.CLOCK_SetPbeMode
                0x00001f3c       0xb8 ./drivers/fsl_clock.o
                0x00001f3c                CLOCK_SetPbeMode
 .text.CLOCK_BootToPeeMode
                0x00001ff4       0x74 ./drivers/fsl_clock.o
                0x00001ff4                CLOCK_BootToPeeMode
 .text.__assert_func
                0x00002068       0x28 ./drivers/fsl_common.o
                0x00002068                __assert_func
 .text.GPIO_WritePinOutput
                0x00002090       0x34 ./drivers/fsl_gpio.o
 .text.GPIO_PinInit
                0x000020c4       0x70 ./drivers/fsl_gpio.o
                0x000020c4                GPIO_PinInit
 .text.CLOCK_EnableClock
                0x00002134       0x34 ./drivers/fsl_uart.o
 .text.UART_GetInstance
                0x00002168       0x60 ./drivers/fsl_uart.o
                0x00002168                UART_GetInstance
 .text.UART_Init
                0x000021c8      0x2d8 ./drivers/fsl_uart.o
                0x000021c8                UART_Init
 .text.UART_GetDefaultConfig
                0x000024a0       0x5c ./drivers/fsl_uart.o
                0x000024a0                UART_GetDefaultConfig
 .text.UART_GetStatusFlags
                0x000024fc       0x48 ./drivers/fsl_uart.o
                0x000024fc                UART_GetStatusFlags
 .text.UART_WriteBlocking
                0x00002544       0x40 ./drivers/fsl_uart.o
                0x00002544                UART_WriteBlocking
 .text.UART_ReadBlocking
                0x00002584       0xa4 ./drivers/fsl_uart.o
                0x00002584                UART_ReadBlocking
 .text.UART0_DriverIRQHandler
                0x00002628       0x20 ./drivers/fsl_uart.o
                0x00002628                UART0_DriverIRQHandler
 .text.UART0_RX_TX_DriverIRQHandler
                0x00002648        0xc ./drivers/fsl_uart.o
                0x00002648                UART0_RX_TX_DriverIRQHandler
 .text.UART1_DriverIRQHandler
                0x00002654       0x20 ./drivers/fsl_uart.o
                0x00002654                UART1_DriverIRQHandler
 .text.UART1_RX_TX_DriverIRQHandler
                0x00002674        0xc ./drivers/fsl_uart.o
                0x00002674                UART1_RX_TX_DriverIRQHandler
 .text.UART2_DriverIRQHandler
                0x00002680       0x20 ./drivers/fsl_uart.o
                0x00002680                UART2_DriverIRQHandler
 .text.UART2_RX_TX_DriverIRQHandler
                0x000026a0        0xc ./drivers/fsl_uart.o
                0x000026a0                UART2_RX_TX_DriverIRQHandler
 .text.UART3_DriverIRQHandler
                0x000026ac       0x20 ./drivers/fsl_uart.o
                0x000026ac                UART3_DriverIRQHandler
 .text.UART3_RX_TX_DriverIRQHandler
                0x000026cc        0xc ./drivers/fsl_uart.o
                0x000026cc                UART3_RX_TX_DriverIRQHandler
 .text.UART4_DriverIRQHandler
                0x000026d8       0x20 ./drivers/fsl_uart.o
                0x000026d8                UART4_DriverIRQHandler
 .text.UART4_RX_TX_DriverIRQHandler
                0x000026f8        0xc ./drivers/fsl_uart.o
                0x000026f8                UART4_RX_TX_DriverIRQHandler
 .text.UART5_DriverIRQHandler
                0x00002704       0x20 ./drivers/fsl_uart.o
                0x00002704                UART5_DriverIRQHandler
 .text.UART5_RX_TX_DriverIRQHandler
                0x00002724        0xc ./drivers/fsl_uart.o
                0x00002724                UART5_RX_TX_DriverIRQHandler
 .text.SystemInit
                0x00002730       0x3c ./devices/system_MK64F12.o
                0x00002730                SystemInit
 .text.exit     0x0000276c       0x28 c:/freescale/kds_v3/toolchain/bin/../lib/gcc/arm-none-eabi/4.8.4/../../../../arm-none-eabi/lib/armv7e-m/fpu\libg_s.a(lib_a-exit.o)
                0x0000276c                exit
 .text.__libc_init_array
                0x00002794       0x4c c:/freescale/kds_v3/toolchain/bin/../lib/gcc/arm-none-eabi/4.8.4/../../../../arm-none-eabi/lib/armv7e-m/fpu\libg_s.a(lib_a-init.o)
                0x00002794                __libc_init_array
 .text.memset   0x000027e0       0x10 c:/freescale/kds_v3/toolchain/bin/../lib/gcc/arm-none-eabi/4.8.4/../../../../arm-none-eabi/lib/armv7e-m/fpu\libg_s.a(lib_a-memset.o)
                0x000027e0                memset
 .text.strlen   0x000027f0       0x10 c:/freescale/kds_v3/toolchain/bin/../lib/gcc/arm-none-eabi/4.8.4/../../../../arm-none-eabi/lib/armv7e-m/fpu\libg_s.a(lib_a-strlen.o)
                0x000027f0                strlen
 .text._exit    0x00002800        0x4 c:/freescale/kds_v3/toolchain/bin/../lib/gcc/arm-none-eabi/4.8.4/../../../../arm-none-eabi/lib/armv7e-m/fpu\libnosys.a(_exit.o)
                0x00002800                _exit
 *(.rodata)
 .rodata        0x00002804       0x1c ./sources/clock_config.o
 .rodata        0x00002820       0x50 ./sources/freertos_hello.o
 .rodata        0x00002870       0x20 ./sources/pin_mux.o
 .rodata        0x00002890        0xc ./sources/state_machine.o
 .rodata        0x0000289c       0x48 ./drivers/fsl_clock.o
 .rodata        0x000028e4       0x40 ./drivers/fsl_common.o
 .rodata        0x00002924       0x48 ./drivers/fsl_gpio.o
 .rodata        0x0000296c      0x12c ./drivers/fsl_uart.o
 *(.rodata*)
 .rodata.__func__.6361
                0x00002a98       0x14 ./sources/pin_mux.o
 .rodata.__func__.6318
                0x00002aac       0x18 ./drivers/fsl_clock.o
 .rodata.fllFactorTable.6446
                0x00002ac4       0x10 ./drivers/fsl_clock.o
 .rodata.__func__.6461
                0x00002ad4       0x14 ./drivers/fsl_clock.o
 .rodata.__func__.6509
                0x00002ae8       0x14 ./drivers/fsl_clock.o
 .rodata.__func__.6645
                0x00002afc       0x14 ./drivers/fsl_clock.o
 .rodata.__func__.6709
                0x00002b10       0x14 ./drivers/fsl_clock.o
 .rodata.__func__.6342
                0x00002b24       0x10 ./drivers/fsl_gpio.o
 .rodata.s_uartBases
                0x00002b34       0x18 ./drivers/fsl_uart.o
 .rodata.s_uartClock
                0x00002b4c       0x18 ./drivers/fsl_uart.o
 .rodata.__func__.6517
                0x00002b64       0x14 ./drivers/fsl_uart.o
 .rodata.__func__.6533
                0x00002b78        0xc ./drivers/fsl_uart.o
 .rodata.__func__.6551
                0x00002b84       0x18 ./drivers/fsl_uart.o
 .rodata.__func__.6611
                0x00002b9c       0x14 ./drivers/fsl_uart.o
 .rodata.str1.1
                0x00002bb0        0x2 c:/freescale/kds_v3/toolchain/bin/../lib/gcc/arm-none-eabi/4.8.4/../../../../arm-none-eabi/lib/armv7e-m/fpu\libg_s.a(lib_a-impure.o)
 *fill*         0x00002bb2        0x2 
 .rodata._global_impure_ptr
                0x00002bb4        0x4 c:/freescale/kds_v3/toolchain/bin/../lib/gcc/arm-none-eabi/4.8.4/../../../../arm-none-eabi/lib/armv7e-m/fpu\libg_s.a(lib_a-impure.o)
                0x00002bb4                _global_impure_ptr
 *(.glue_7)
 .glue_7        0x00000000        0x0 linker stubs
 *(.glue_7t)
 .glue_7t       0x00000000        0x0 linker stubs
 *(.eh_frame)
 .eh_frame      0x00002bb8        0x0 c:/freescale/kds_v3/toolchain/bin/../lib/gcc/arm-none-eabi/4.8.4/armv7e-m/fpu/crtbegin.o
 *(.init)
 .init          0x00002bb8        0x4 c:/freescale/kds_v3/toolchain/bin/../lib/gcc/arm-none-eabi/4.8.4/armv7e-m/fpu/crti.o
                0x00002bb8                _init
 .init          0x00002bbc        0x8 c:/freescale/kds_v3/toolchain/bin/../lib/gcc/arm-none-eabi/4.8.4/armv7e-m/fpu/crtn.o
 *(.fini)
 .fini          0x00002bc4        0x4 c:/freescale/kds_v3/toolchain/bin/../lib/gcc/arm-none-eabi/4.8.4/armv7e-m/fpu/crti.o
                0x00002bc4                _fini
 .fini          0x00002bc8        0x8 c:/freescale/kds_v3/toolchain/bin/../lib/gcc/arm-none-eabi/4.8.4/armv7e-m/fpu/crtn.o
                0x00002bd0                . = ALIGN (0x4)

.vfp11_veneer   0x00002bd0        0x0
 .vfp11_veneer  0x00000000        0x0 linker stubs

.v4_bx          0x00002bd0        0x0
 .v4_bx         0x00000000        0x0 linker stubs

.iplt           0x00002bd0        0x0
 .iplt          0x00000000        0x0 c:/freescale/kds_v3/toolchain/bin/../lib/gcc/arm-none-eabi/4.8.4/armv7e-m/fpu/crtbegin.o

.ARM.extab
 *(.ARM.extab* .gnu.linkonce.armextab.*)

.ARM            0x00002bd0        0x8
                0x00002bd0                __exidx_start = .
 *(.ARM.exidx*)
 .ARM.exidx     0x00002bd0        0x8 c:/freescale/kds_v3/toolchain/bin/../lib/gcc/arm-none-eabi/4.8.4/../../../../arm-none-eabi/lib/armv7e-m/fpu/crt0.o
                0x00002bd8                __exidx_end = .

.rel.dyn        0x00002bd8        0x0
 .rel.iplt      0x00000000        0x0 c:/freescale/kds_v3/toolchain/bin/../lib/gcc/arm-none-eabi/4.8.4/armv7e-m/fpu/crtbegin.o

.ctors          0x00002bd8        0x0
                0x00002bd8                __CTOR_LIST__ = .
 *crtbegin.o(.ctors)
 *crtbegin?.o(.ctors)
 *(EXCLUDE_FILE(*crtend.o *crtend?.o) .ctors)
 *(SORT(.ctors.*))
 *(.ctors)
                0x00002bd8                __CTOR_END__ = .

.dtors          0x00002bd8        0x0
                0x00002bd8                __DTOR_LIST__ = .
 *crtbegin.o(.dtors)
 *crtbegin?.o(.dtors)
 *(EXCLUDE_FILE(*crtend.o *crtend?.o) .dtors)
 *(SORT(.dtors.*))
 *(.dtors)
                0x00002bd8                __DTOR_END__ = .

.preinit_array  0x00002bd8        0x0
                0x00002bd8                PROVIDE (__preinit_array_start, .)
 *(.preinit_array*)
                0x00002bd8                PROVIDE (__preinit_array_end, .)

.init_array     0x00002bd8        0x4
                0x00002bd8                PROVIDE (__init_array_start, .)
 *(SORT(.init_array.*))
 *(.init_array*)
 .init_array    0x00002bd8        0x4 c:/freescale/kds_v3/toolchain/bin/../lib/gcc/arm-none-eabi/4.8.4/armv7e-m/fpu/crtbegin.o
                0x00002bdc                PROVIDE (__init_array_end, .)

.fini_array     0x00002bdc        0x4
                0x00002bdc                PROVIDE (__fini_array_start, .)
 *(SORT(.fini_array.*))
 *(.fini_array*)
 .fini_array    0x00002bdc        0x4 c:/freescale/kds_v3/toolchain/bin/../lib/gcc/arm-none-eabi/4.8.4/armv7e-m/fpu/crtbegin.o
                0x00002be0                PROVIDE (__fini_array_end, .)
                0x00002be0                __etext = .
                0x00002be0                __DATA_ROM = .

.interrupts_ram
                0x1fff0000        0x0
                0x1fff0000                . = ALIGN (0x4)
                0x1fff0000                __VECTOR_RAM__ = .
                0x1fff0000                __interrupts_ram_start__ = .
 *(.m_interrupts_ram)
                0x1fff0000                . = (. + M_VECTOR_RAM_SIZE)
                0x1fff0000                . = ALIGN (0x4)
                0x1fff0000                __interrupts_ram_end__ = .
                0x00000000                __VECTOR_RAM = DEFINED (__ram_vector_table__)?__VECTOR_RAM__:ORIGIN (m_interrupts)
                0x00000000                __RAM_VECTOR_TABLE_SIZE_BYTES = DEFINED (__ram_vector_table__)?(__interrupts_ram_end__ - __interrupts_ram_start__):0x0

.data           0x1fff0000       0x84 load address 0x00002be0
                0x1fff0000                . = ALIGN (0x4)
                0x1fff0000                __DATA_RAM = .
                0x1fff0000                __data_start__ = .
 *(.data)
 *(.data*)
 .data.gpio_config_red
                0x1fff0000        0x4 ./sources/freertos_hello.o
                0x1fff0000                gpio_config_red
 .data.gpio_config_green
                0x1fff0004        0x4 ./sources/freertos_hello.o
                0x1fff0004                gpio_config_green
 .data.gpio_config_blue
                0x1fff0008        0x4 ./sources/freertos_hello.o
                0x1fff0008                gpio_config_blue
 .data.config_pin_sw2
                0x1fff000c        0x4 ./sources/pin_mux.o
                0x1fff000c                config_pin_sw2
 .data.config_pin_sw3
                0x1fff0010        0x4 ./sources/pin_mux.o
                0x1fff0010                config_pin_sw3
 .data.s_slowIrcFreq
                0x1fff0014        0x4 ./drivers/fsl_clock.o
 .data.s_fastIrcFreq
                0x1fff0018        0x4 ./drivers/fsl_clock.o
 .data.SystemCoreClock
                0x1fff001c        0x4 ./devices/system_MK64F12.o
                0x1fff001c                SystemCoreClock
 .data.impure_data
                0x1fff0020       0x60 c:/freescale/kds_v3/toolchain/bin/../lib/gcc/arm-none-eabi/4.8.4/../../../../arm-none-eabi/lib/armv7e-m/fpu\libg_s.a(lib_a-impure.o)
 *(.jcr*)
 .jcr           0x1fff0080        0x0 c:/freescale/kds_v3/toolchain/bin/../lib/gcc/arm-none-eabi/4.8.4/armv7e-m/fpu/crtbegin.o
 .jcr           0x1fff0080        0x4 c:/freescale/kds_v3/toolchain/bin/../lib/gcc/arm-none-eabi/4.8.4/armv7e-m/fpu/crtend.o
                0x1fff0084                . = ALIGN (0x4)
                0x1fff0084                __data_end__ = .
                0x00002c64                __DATA_END = (__DATA_ROM + (__data_end__ - __data_start__))
                0x00100000                text_end = (ORIGIN (m_text) + 0xffbf0)
                0x00000001                ASSERT ((__DATA_END <= text_end), region m_text overflowed with text and data)
                0x00000000                USB_RAM_GAP = DEFINED (__usb_ram_size__)?__usb_ram_size__:0x0

.igot.plt       0x1fff0084        0x0 load address 0x00002c64
 .igot.plt      0x00000000        0x0 c:/freescale/kds_v3/toolchain/bin/../lib/gcc/arm-none-eabi/4.8.4/armv7e-m/fpu/crtbegin.o

.bss            0x1fff0084      0x17c load address 0x00002c64
                0x1fff0084                . = ALIGN (0x4)
                0x1fff0084                __START_BSS = .
                0x1fff0084                __bss_start__ = .
 *(.bss)
 .bss           0x1fff0084       0x1c c:/freescale/kds_v3/toolchain/bin/../lib/gcc/arm-none-eabi/4.8.4/armv7e-m/fpu/crtbegin.o
 *(.bss*)
 .bss.s_debugConsole
                0x1fff00a0       0x10 ./utilities/fsl_debug_console.o
 .bss.gpio_config_sw3
                0x1fff00b0        0x4 ./sources/freertos_hello.o
                0x1fff00b0                gpio_config_sw3
 .bss.gpio_config_sw2
                0x1fff00b4        0x4 ./sources/freertos_hello.o
                0x1fff00b4                gpio_config_sw2
 .bss.ctrl_state_machine
                0x1fff00b8        0x1 ./sources/freertos_hello.o
 .bss.blue_sw3  0x1fff00b9        0x1 ./sources/state_machine.o
                0x1fff00b9                blue_sw3
 .bss.green_sw2
                0x1fff00ba        0x1 ./sources/state_machine.o
                0x1fff00ba                green_sw2
 .bss.green_sw3
                0x1fff00bb        0x1 ./sources/state_machine.o
                0x1fff00bb                green_sw3
 .bss.red_sw3   0x1fff00bc        0x1 ./sources/state_machine.o
                0x1fff00bc                red_sw3
 *fill*         0x1fff00bd        0x3 
 .bss.ctrl_state
                0x1fff00c0        0x4 ./sources/state_machine.o
 .bss.pxCurrentTCB
                0x1fff00c4        0x4 ./freertos/Source/tasks.o
                0x1fff00c4                pxCurrentTCB
 .bss.pxReadyTasksLists
                0x1fff00c8       0x64 ./freertos/Source/tasks.o
 .bss.pxDelayedTaskList
                0x1fff012c        0x4 ./freertos/Source/tasks.o
 .bss.pxOverflowDelayedTaskList
                0x1fff0130        0x4 ./freertos/Source/tasks.o
 .bss.xTickCount
                0x1fff0134        0x4 ./freertos/Source/tasks.o
 .bss.uxTopReadyPriority
                0x1fff0138        0x4 ./freertos/Source/tasks.o
 .bss.uxPendedTicks
                0x1fff013c        0x4 ./freertos/Source/tasks.o
 .bss.xYieldPending
                0x1fff0140        0x4 ./freertos/Source/tasks.o
 .bss.xNumOfOverflows
                0x1fff0144        0x4 ./freertos/Source/tasks.o
 .bss.xNextTaskUnblockTime
                0x1fff0148        0x4 ./freertos/Source/tasks.o
 .bss.uxSchedulerSuspended
                0x1fff014c        0x4 ./freertos/Source/tasks.o
 .bss.g_xtal0Freq
                0x1fff0150        0x4 ./drivers/fsl_clock.o
                0x1fff0150                g_xtal0Freq
 .bss.g_xtal32Freq
                0x1fff0154        0x4 ./drivers/fsl_clock.o
                0x1fff0154                g_xtal32Freq
 .bss.s_uartHandle
                0x1fff0158       0x18 ./drivers/fsl_uart.o
 .bss.s_uartIsr
                0x1fff0170        0x4 ./drivers/fsl_uart.o
                0x1fff0200                . = ALIGN (0x200)
 *fill*         0x1fff0174       0x8c 
                0x1fff0200                USB_RAM_START = .
                0x1fff0200                . = (. + USB_RAM_GAP)
 *(COMMON)
                0x1fff0200                . = ALIGN (0x4)
                0x1fff0200                __bss_end__ = .
                0x1fff0200                __END_BSS = .

.heap           0x20000000      0x400
                0x20000000                . = ALIGN (0x8)
                0x20000000                __end__ = .
                0x20000000                PROVIDE (end, .)
                0x20000000                __HeapBase = .
                0x20000400                . = (. + HEAP_SIZE)
 *fill*         0x20000000      0x400 
                0x20000400                __HeapLimit = .
                0x20000400                __heap_limit = .

.stack          0x20000400      0x400
                0x20000400                . = ALIGN (0x8)
                0x20000800                . = (. + STACK_SIZE)
 *fill*         0x20000400      0x400 

m_usb_bdt       0x1fff0200        0x0
 *(m_usb_bdt)
                0x1fff0200                USB_RAM_BDT_END = .

m_usb_global
 *(m_usb_global)
                0x20030000                __StackTop = (ORIGIN (m_data_2) + 0x30000)
                0x2002fc00                __StackLimit = (__StackTop - STACK_SIZE)
                0x20030000                PROVIDE (__stack, __StackTop)

.ARM.attributes
                0x00000000       0x30
 *(.ARM.attributes)
 .ARM.attributes
                0x00000000       0x22 c:/freescale/kds_v3/toolchain/bin/../lib/gcc/arm-none-eabi/4.8.4/armv7e-m/fpu/crti.o
 .ARM.attributes
                0x00000022       0x34 c:/freescale/kds_v3/toolchain/bin/../lib/gcc/arm-none-eabi/4.8.4/armv7e-m/fpu/crtbegin.o
 .ARM.attributes
                0x00000056       0x20 c:/freescale/kds_v3/toolchain/bin/../lib/gcc/arm-none-eabi/4.8.4/../../../../arm-none-eabi/lib/armv7e-m/fpu/crt0.o
 .ARM.attributes
                0x00000076       0x39 ./utilities/fsl_debug_console.o
 .ARM.attributes
                0x000000af       0x39 ./sources/board.o
 .ARM.attributes
                0x000000e8       0x39 ./sources/clock_config.o
 .ARM.attributes
                0x00000121       0x39 ./sources/freertos_hello.o
 .ARM.attributes
                0x0000015a       0x39 ./sources/pin_mux.o
 .ARM.attributes
                0x00000193       0x39 ./sources/state_machine.o
 .ARM.attributes
                0x000001cc       0x39 ./freertos/Source/portable/GCC/ARM_CM4F/port.o
 .ARM.attributes
                0x00000205       0x39 ./freertos/Source/list.o
 .ARM.attributes
                0x0000023e       0x39 ./freertos/Source/tasks.o
 .ARM.attributes
                0x00000277       0x39 ./drivers/fsl_clock.o
 .ARM.attributes
                0x000002b0       0x39 ./drivers/fsl_common.o
 .ARM.attributes
                0x000002e9       0x39 ./drivers/fsl_gpio.o
 .ARM.attributes
                0x00000322       0x39 ./drivers/fsl_uart.o
 .ARM.attributes
                0x0000035b       0x1f ./devices/gcc/startup_MK64F12.o
 .ARM.attributes
                0x0000037a       0x39 ./devices/system_MK64F12.o
 .ARM.attributes
                0x000003b3       0x34 c:/freescale/kds_v3/toolchain/bin/../lib/gcc/arm-none-eabi/4.8.4/../../../../arm-none-eabi/lib/armv7e-m/fpu\libg_s.a(lib_a-exit.o)
 .ARM.attributes
                0x000003e7       0x34 c:/freescale/kds_v3/toolchain/bin/../lib/gcc/arm-none-eabi/4.8.4/../../../../arm-none-eabi/lib/armv7e-m/fpu\libg_s.a(lib_a-impure.o)
 .ARM.attributes
                0x0000041b       0x34 c:/freescale/kds_v3/toolchain/bin/../lib/gcc/arm-none-eabi/4.8.4/../../../../arm-none-eabi/lib/armv7e-m/fpu\libg_s.a(lib_a-init.o)
 .ARM.attributes
                0x0000044f       0x34 c:/freescale/kds_v3/toolchain/bin/../lib/gcc/arm-none-eabi/4.8.4/../../../../arm-none-eabi/lib/armv7e-m/fpu\libg_s.a(lib_a-memset.o)
 .ARM.attributes
                0x00000483       0x34 c:/freescale/kds_v3/toolchain/bin/../lib/gcc/arm-none-eabi/4.8.4/../../../../arm-none-eabi/lib/armv7e-m/fpu\libg_s.a(lib_a-strlen.o)
 .ARM.attributes
                0x000004b7       0x34 c:/freescale/kds_v3/toolchain/bin/../lib/gcc/arm-none-eabi/4.8.4/../../../../arm-none-eabi/lib/armv7e-m/fpu\libnosys.a(_exit.o)
 .ARM.attributes
                0x000004eb       0x34 c:/freescale/kds_v3/toolchain/bin/../lib/gcc/arm-none-eabi/4.8.4/armv7e-m/fpu/crtend.o
 .ARM.attributes
                0x0000051f       0x22 c:/freescale/kds_v3/toolchain/bin/../lib/gcc/arm-none-eabi/4.8.4/armv7e-m/fpu/crtn.o
                0x00000001                ASSERT ((__StackLimit >= __HeapLimit), region m_data_2 overflowed with stack and heap)
OUTPUT(test_printf.elf elf32-littlearm)

.debug_info     0x00000000     0x9f99
 .debug_info    0x00000000      0xd01 ./utilities/fsl_debug_console.o
 .debug_info    0x00000d01      0x2c6 ./sources/board.o
 .debug_info    0x00000fc7      0x61d ./sources/clock_config.o
 .debug_info    0x000015e4      0x8ab ./sources/freertos_hello.o
 .debug_info    0x00001e8f      0xd88 ./sources/pin_mux.o
 .debug_info    0x00002c17      0x3c0 ./sources/state_machine.o
 .debug_info    0x00002fd7      0x4bf ./freertos/Source/portable/GCC/ARM_CM4F/port.o
 .debug_info    0x00003496      0x292 ./freertos/Source/list.o
 .debug_info    0x00003728     0x1e50 ./freertos/Source/tasks.o
 .debug_info    0x00005578     0x1e93 ./drivers/fsl_clock.o
 .debug_info    0x0000740b      0x5e6 ./drivers/fsl_common.o
 .debug_info    0x000079f1      0x54f ./drivers/fsl_gpio.o
 .debug_info    0x00007f40     0x1a09 ./drivers/fsl_uart.o
 .debug_info    0x00009949       0x7a ./devices/gcc/startup_MK64F12.o
 .debug_info    0x000099c3      0x5d6 ./devices/system_MK64F12.o

.debug_abbrev   0x00000000     0x1916
 .debug_abbrev  0x00000000      0x289 ./utilities/fsl_debug_console.o
 .debug_abbrev  0x00000289       0xfd ./sources/board.o
 .debug_abbrev  0x00000386      0x186 ./sources/clock_config.o
 .debug_abbrev  0x0000050c      0x1c2 ./sources/freertos_hello.o
 .debug_abbrev  0x000006ce      0x1e1 ./sources/pin_mux.o
 .debug_abbrev  0x000008af      0x12a ./sources/state_machine.o
 .debug_abbrev  0x000009d9      0x209 ./freertos/Source/portable/GCC/ARM_CM4F/port.o
 .debug_abbrev  0x00000be2       0xbe ./freertos/Source/list.o
 .debug_abbrev  0x00000ca0      0x2b8 ./freertos/Source/tasks.o
 .debug_abbrev  0x00000f58      0x2c6 ./drivers/fsl_clock.o
 .debug_abbrev  0x0000121e      0x165 ./drivers/fsl_common.o
 .debug_abbrev  0x00001383      0x192 ./drivers/fsl_gpio.o
 .debug_abbrev  0x00001515      0x2d6 ./drivers/fsl_uart.o
 .debug_abbrev  0x000017eb       0x14 ./devices/gcc/startup_MK64F12.o
 .debug_abbrev  0x000017ff      0x117 ./devices/system_MK64F12.o

.debug_aranges  0x00000000      0x888
 .debug_aranges
                0x00000000       0x90 ./utilities/fsl_debug_console.o
 .debug_aranges
                0x00000090       0x20 ./sources/board.o
 .debug_aranges
                0x000000b0       0x50 ./sources/clock_config.o
 .debug_aranges
                0x00000100       0x58 ./sources/freertos_hello.o
 .debug_aranges
                0x00000158       0x48 ./sources/pin_mux.o
 .debug_aranges
                0x000001a0       0x40 ./sources/state_machine.o
 .debug_aranges
                0x000001e0       0x78 ./freertos/Source/portable/GCC/ARM_CM4F/port.o
 .debug_aranges
                0x00000258       0x40 ./freertos/Source/list.o
 .debug_aranges
                0x00000298      0x1e8 ./freertos/Source/tasks.o
 .debug_aranges
                0x00000480      0x1e8 ./drivers/fsl_clock.o
 .debug_aranges
                0x00000668       0x28 ./drivers/fsl_common.o
 .debug_aranges
                0x00000690       0x40 ./drivers/fsl_gpio.o
 .debug_aranges
                0x000006d0      0x170 ./drivers/fsl_uart.o
 .debug_aranges
                0x00000840       0x20 ./devices/gcc/startup_MK64F12.o
 .debug_aranges
                0x00000860       0x28 ./devices/system_MK64F12.o

.debug_ranges   0x00000000      0x788
 .debug_ranges  0x00000000       0x80 ./utilities/fsl_debug_console.o
 .debug_ranges  0x00000080       0x10 ./sources/board.o
 .debug_ranges  0x00000090       0x40 ./sources/clock_config.o
 .debug_ranges  0x000000d0       0x48 ./sources/freertos_hello.o
 .debug_ranges  0x00000118       0x38 ./sources/pin_mux.o
 .debug_ranges  0x00000150       0x30 ./sources/state_machine.o
 .debug_ranges  0x00000180       0x68 ./freertos/Source/portable/GCC/ARM_CM4F/port.o
 .debug_ranges  0x000001e8       0x30 ./freertos/Source/list.o
 .debug_ranges  0x00000218      0x1d8 ./freertos/Source/tasks.o
 .debug_ranges  0x000003f0      0x1d8 ./drivers/fsl_clock.o
 .debug_ranges  0x000005c8       0x18 ./drivers/fsl_common.o
 .debug_ranges  0x000005e0       0x30 ./drivers/fsl_gpio.o
 .debug_ranges  0x00000610      0x160 ./drivers/fsl_uart.o
 .debug_ranges  0x00000770       0x18 ./devices/system_MK64F12.o

.debug_line     0x00000000     0x34c5
 .debug_line    0x00000000      0x533 ./utilities/fsl_debug_console.o
 .debug_line    0x00000533       0xe8 ./sources/board.o
 .debug_line    0x0000061b      0x18b ./sources/clock_config.o
 .debug_line    0x000007a6      0x1e0 ./sources/freertos_hello.o
 .debug_line    0x00000986      0x18f ./sources/pin_mux.o
 .debug_line    0x00000b15      0x1a7 ./sources/state_machine.o
 .debug_line    0x00000cbc      0x2ba ./freertos/Source/portable/GCC/ARM_CM4F/port.o
 .debug_line    0x00000f76      0x16f ./freertos/Source/list.o
 .debug_line    0x000010e5      0xd94 ./freertos/Source/tasks.o
 .debug_line    0x00001e79      0x8d6 ./drivers/fsl_clock.o
 .debug_line    0x0000274f      0x171 ./drivers/fsl_common.o
 .debug_line    0x000028c0      0x171 ./drivers/fsl_gpio.o
 .debug_line    0x00002a31      0x7e2 ./drivers/fsl_uart.o
 .debug_line    0x00003213      0x181 ./devices/gcc/startup_MK64F12.o
 .debug_line    0x00003394      0x131 ./devices/system_MK64F12.o

.debug_str      0x00000000     0x4d79
 .debug_str     0x00000000      0xb85 ./utilities/fsl_debug_console.o
                                0xc22 (size before relaxing)
 .debug_str     0x00000b85       0x39 ./sources/board.o
                                0x2db (size before relaxing)
 .debug_str     0x00000bbe      0x4f8 ./sources/clock_config.o
                                0x735 (size before relaxing)
 .debug_str     0x000010b6      0x774 ./sources/freertos_hello.o
                                0xd31 (size before relaxing)
 .debug_str     0x0000182a      0x732 ./sources/pin_mux.o
                               0x132a (size before relaxing)
 .debug_str     0x00001f5c       0xb4 ./sources/state_machine.o
                                0x6e0 (size before relaxing)
 .debug_str     0x00002010      0x249 ./freertos/Source/portable/GCC/ARM_CM4F/port.o
                                0x43f (size before relaxing)
 .debug_str     0x00002259      0x142 ./freertos/Source/list.o
                                0x32f (size before relaxing)
 .debug_str     0x0000239b      0xcb8 ./freertos/Source/tasks.o
                               0x1036 (size before relaxing)
 .debug_str     0x00003053      0xf39 ./drivers/fsl_clock.o
                               0x1b31 (size before relaxing)
 .debug_str     0x00003f8c      0x119 ./drivers/fsl_common.o
                                0x81c (size before relaxing)
 .debug_str     0x000040a5       0xb1 ./drivers/fsl_gpio.o
                                0x758 (size before relaxing)
 .debug_str     0x00004156      0xb74 ./drivers/fsl_uart.o
                               0x1be4 (size before relaxing)
 .debug_str     0x00004cca       0xaf ./devices/system_MK64F12.o
                                0x3e6 (size before relaxing)

.comment        0x00000000       0x70
 .comment       0x00000000       0x70 ./utilities/fsl_debug_console.o
                                 0x71 (size before relaxing)
 .comment       0x00000000       0x71 ./sources/board.o
 .comment       0x00000000       0x71 ./sources/clock_config.o
 .comment       0x00000000       0x71 ./sources/freertos_hello.o
 .comment       0x00000000       0x71 ./sources/pin_mux.o
 .comment       0x00000000       0x71 ./sources/state_machine.o
 .comment       0x00000000       0x71 ./freertos/Source/portable/GCC/ARM_CM4F/port.o
 .comment       0x00000000       0x71 ./freertos/Source/list.o
 .comment       0x00000000       0x71 ./freertos/Source/tasks.o
 .comment       0x00000000       0x71 ./drivers/fsl_clock.o
 .comment       0x00000000       0x71 ./drivers/fsl_common.o
 .comment       0x00000000       0x71 ./drivers/fsl_gpio.o
 .comment       0x00000000       0x71 ./drivers/fsl_uart.o
 .comment       0x00000000       0x71 ./devices/system_MK64F12.o

.debug_frame    0x00000000     0x1bd4
 .debug_frame   0x00000000      0x1ec ./utilities/fsl_debug_console.o
 .debug_frame   0x000001ec       0x30 ./sources/board.o
 .debug_frame   0x0000021c       0xdc ./sources/clock_config.o
 .debug_frame   0x000002f8       0xf8 ./sources/freertos_hello.o
 .debug_frame   0x000003f0       0xbc ./sources/pin_mux.o
 .debug_frame   0x000004ac       0xa4 ./sources/state_machine.o
 .debug_frame   0x00000550      0x138 ./freertos/Source/portable/GCC/ARM_CM4F/port.o
 .debug_frame   0x00000688       0x9c ./freertos/Source/list.o
 .debug_frame   0x00000724      0x6f8 ./freertos/Source/tasks.o
 .debug_frame   0x00000e1c      0x6ac ./drivers/fsl_clock.o
 .debug_frame   0x000014c8       0x4c ./drivers/fsl_common.o
 .debug_frame   0x00001514       0xac ./drivers/fsl_gpio.o
 .debug_frame   0x000015c0      0x51c ./drivers/fsl_uart.o
 .debug_frame   0x00001adc       0x44 ./devices/system_MK64F12.o
 .debug_frame   0x00001b20       0x28 c:/freescale/kds_v3/toolchain/bin/../lib/gcc/arm-none-eabi/4.8.4/../../../../arm-none-eabi/lib/armv7e-m/fpu\libg_s.a(lib_a-exit.o)
 .debug_frame   0x00001b48       0x2c c:/freescale/kds_v3/toolchain/bin/../lib/gcc/arm-none-eabi/4.8.4/../../../../arm-none-eabi/lib/armv7e-m/fpu\libg_s.a(lib_a-init.o)
 .debug_frame   0x00001b74       0x20 c:/freescale/kds_v3/toolchain/bin/../lib/gcc/arm-none-eabi/4.8.4/../../../../arm-none-eabi/lib/armv7e-m/fpu\libg_s.a(lib_a-memset.o)
 .debug_frame   0x00001b94       0x20 c:/freescale/kds_v3/toolchain/bin/../lib/gcc/arm-none-eabi/4.8.4/../../../../arm-none-eabi/lib/armv7e-m/fpu\libg_s.a(lib_a-strlen.o)
 .debug_frame   0x00001bb4       0x20 c:/freescale/kds_v3/toolchain/bin/../lib/gcc/arm-none-eabi/4.8.4/../../../../arm-none-eabi/lib/armv7e-m/fpu\libnosys.a(_exit.o)
